All three named suites run at TARGET commit 73617bfca836c05884d0bf133b94f062eafd806f,
unmodified, on this macOS host (symlinked $TMPDIR under /var -> /private/var).

=== tests/fm-procevent.test.sh ===
  $ bash tests/fm-procevent.test.sh
  ... 56 "ok" assertions, including the two new symlink-regression cases ...
  ok - a state root reached through a symlink claims and records like a direct one
  ok - symlinked ancestors are accepted while .. across a symlink stays refused

  all procevent tests passed
  [exited with code 0]

=== tests/fm-bearings-board.test.sh ===
  $ bash tests/fm-bearings-board.test.sh
  ok - path prints the stable home-scoped board location
  ok - build refuses malformed payloads before touching the board
  ok - charted kind is optional and accepts queued and warning
  ok - build injects the payload, binds any-origin, then arms the source
  ok - registration can consume answers only after any-origin binding exists
  ok - build establishes the Lavish session before binding and arming
  ok - rebuild refreshes the board in place without double-arming
  ok - build refuses a template without exactly one data slot
  [exited with code 0]

=== tests/fm-procevent-when.test.sh ===
  $ bash tests/fm-procevent-when.test.sh
  ok - arm binds, refuses duplicates, and retire cleans up
  ok - concurrent arms publish exactly one complete watch
  ok - a stable true fires the action exactly once and wakes with the outcome
  ok - a flapping condition never reaches the action
  ok - an action failure wakes with the captured error
  ok - a repeatedly erroring condition wakes firstmate instead of firing
  ok - an expired deadline wakes with never-true
  ok - a late true poll cannot fire after its deadline
  ok - action timeouts terminate the complete process group
  ok - command output staging stays within its byte bound
  ok - a restart after a claimed fire reports ambiguity instead of double-firing
  ok - a mutated spec is refused without executing anything
  ok - mutated action bytes are refused before claiming the fire
  all fm-procevent-when tests passed
  [exited with code 0]

All three suites -- the two named in the user intent plus the third suite
(tests/fm-procevent-when.test.sh) that was red at base for the same reason and
is fixed by the same change -- are fully green on macOS at target.
